C51 COMPILER V9.00   UART                                                                  12/13/2021 09:27:21 PAGE 1   


C51 COMPILER V9.00, COMPILATION OF MODULE UART
OBJECT MODULE PLACED IN uart.OBJ
COMPILER INVOKED BY: C:\Keil\C51\BIN\C51.EXE uart.c BROWSE DEBUG OBJECTEXTEND

line level    source

   1          #include"uart.h"
   2          #include "LCD12864.h"
   3          #include "motor.h"
   4          
   5          //串口初始化，9600bps@12MHz
   6          void UART_Init(void)
   7          {
   8   1              SCON = 0x50;
   9   1              AUXR |= 0x40;
  10   1              AUXR &= 0xFE;
  11   1              TMOD &= 0x0F;
  12   1              TL1 = 0xE0;
  13   1              TH1 = 0xFE;
  14   1              ET1 = 0;
  15   1              TR1 = 1;
  16   1              REN = 1;
  17   1              ES = 1;
  18   1      }
  19          
  20          //串口发送一个char
  21          void UART1_SendData(unsigned char dat)
  22          {
  23   1              SBUF = dat;
  24   1              TI = 0;
  25   1              while(!TI);
  26   1      }
  27          
  28          //串口发送字符串
  29          void UART1_SendString(char *str)
  30          {
  31   1              unsigned char idx = 0;
  32   1              while(*(str+idx)!='\0')
  33   1              {
  34   2                      UART1_SendData(*(str+idx));
  35   2                      idx++;
  36   2              }
  37   1      
  38   1      }
  39          
  40          //处理串口命令
  41          void Handle_UART_CMD(u8 cmd)
  42          {
  43   1              switch(cmd)
  44   1              {
  45   2                      case 0://停止
  46   2                              UART1_SendString("000xxxx");
  47   2                              MT_Stop();
  48   2                              break;
  49   2                      case 1://前进
  50   2                              MT_Forward();
  51   2                              break;
  52   2                      case 2://后退
  53   2                              MT_Backward();
  54   2                              break;
  55   2                      case 3://左转
C51 COMPILER V9.00   UART                                                                  12/13/2021 09:27:21 PAGE 2   

  56   2                              MT_TurnLeft();
  57   2                              break;
  58   2                      case 4://右转
  59   2                              MT_TurnRight();
  60   2                              break;
  61   2                      case 5://调速
  62   2                              MT_ChangeSpeed();
  63   2                              break;
  64   2                      default:
  65   2                              break;
  66   2              }
  67   1      }
  68          
  69          //串口1中断，中断号4
  70          void UART1_ISR(void) interrupt 4
  71          {
  72   1              //串口接收到的数据
  73   1              u8 uart_rec_data = 0;
  74   1              /*串口接收*/
  75   1              if(RI)
  76   1              {
  77   2                      RI = 0;//清除中断标志
  78   2                      uart_rec_data = SBUF;//读出串口数据
  79   2                      Handle_UART_CMD(uart_rec_data);
  80   2          }
  81   1              if(TI)
  82   1              {
  83   2                      TI = 0;
  84   2          }
  85   1      }
  86          


MODULE INFORMATION:   STATIC OVERLAYABLE
   CODE SIZE        =    186    ----
   CONSTANT SIZE    =      8    ----
   XDATA SIZE       =   ----    ----
   PDATA SIZE       =   ----    ----
   DATA SIZE        =   ----       3
   IDATA SIZE       =   ----    ----
   BIT SIZE         =   ----    ----
END OF MODULE INFORMATION.


C51 COMPILATION COMPLETE.  0 WARNING(S),  0 ERROR(S)
